// Jest Snapshot v1, https://goo.gl/fbAQLP

exports[`LinkToolbar.vue has the expected html structure 1`] = `
<div
  class="image-toolbar card"
>
  <header
    class="card-header"
  >
    <p
      class="card-header-title"
    >
      
      Configuration
    
    </p>
     
    <a
      aria-label="close"
      class="card-header-icon"
    >
      <b-icon-stub
        icon="times"
        pack="fa"
      />
    </a>
  </header>
   
  <div
    class="card-content"
  >
    <b-field-stub
      addons="true"
      label="Label"
      placeholder="http://"
    >
      <b-input-stub
        customclass=""
        hascounter="true"
        type="text"
        usehtml5validation="true"
        value=""
      />
    </b-field-stub>
     
    <b-field-stub
      addons="true"
      label="Link"
    >
      <b-input-stub
        customclass=""
        hascounter="true"
        type="text"
        usehtml5validation="true"
      />
    </b-field-stub>
     
    <b-field-stub
      addons="true"
      label="Type"
    >
      <b-select-stub
        usehtml5validation="true"
        value="Link"
      >
        <option
          value="Link"
        >
          
          Link
        
        </option>
        <option
          value="button"
        >
          
          Button
        
        </option>
        <option
          value="button is-rounded"
        >
          
          Rounded
        
        </option>
        <option
          value="button is-outlined"
        >
          
          Outlined
        
        </option>
        <option
          value="button is-rounded is-outlined"
        >
          
          Rounded Outlined
        
        </option>
      </b-select-stub>
    </b-field-stub>
     
    <b-field-stub
      addons="true"
      label="Color"
    >
      <color-picker-stub
        color=""
      />
    </b-field-stub>
  </div>
</div>
`;
